// Jest Snapshot v1, https://goo.gl/fbAQLP

exports[`App component renders App 1`] = `
<section
  className="center"
>
  <section
    className="container"
  >
    <img
      className="img"
      src="/path/image"
      tabIndex="1"
    />
    <h3
      className="h3"
    >
      Mmmmore!
    </h3>
  </section>
</section>
`;
